// Jest Snapshot v1, https://goo.gl/fbAQLP

exports[`Navigation component should render correctly 1`] = `
<div>
  <nav
    class="p-25 w-max flex flex-col fixed top-0 left-0"
  >
    <a
      class="text-white py-15 px-2 flex gap-15 opacity-50 font-bold"
      href="/"
    >
      Home
    </a>
    <a
      class="text-white py-15 px-2 flex gap-15 opacity-50 font-bold"
      href="/store"
    >
      Store
    </a>
    <a
      class="text-white py-15 px-2 flex gap-15 opacity-50 font-bold"
      href="/profile"
    >
      Profile
    </a>
  </nav>
</div>
`;
