// Jest Snapshot v1, https://goo.gl/fbAQLP

exports[`Box component should render correctly 1`] = `
<div>
  <div
    class="px-1"
  >
    <div
      class="rounded-base p-base bg-white"
    >
      <div />
    </div>
  </div>
</div>
`;
