// Jest Snapshot v1, https://goo.gl/fbAQLP

exports[`Typography component should render correctly 1`] = `
<div>
  <p
    class="text-text-primary"
  >
    typography
  </p>
</div>
`;
