// Jest Snapshot v1, https://goo.gl/fbAQLP

exports[`FieldGroup component should render correctly 1`] = `
<div>
  <div
    class="flex flex-col gap-1"
  >
    <div />
  </div>
</div>
`;
