// Jest Snapshot v1, https://goo.gl/fbAQLP

exports[`Button component should render correctly 1`] = `
<div>
  <button
    class="min-h-4 py-1 px-2 bg-primary-blue hover:bg-primary-blue-light text-white font-bold text-[14px] rounded-base"
    type="button"
  >
    Click me
  </button>
</div>
`;
